components/booking/ClientForm.tsx(36,18): error TS2345: Argument of type '{ email: string; name?: string; phone?: string; }' is not assignable to parameter of type '{ name: string; phone: string; email?: string; }'.
  Property 'name' is optional in type '{ email: string; name?: string; phone?: string; }' but required in type '{ name: string; phone: string; email?: string; }'.
